[freshmart-plc.co.uk/index.html]
[backblue.gif]
[fade.gif]
[index.html]
[freshmart-plc.co.uk/wp-includes/blocks/navigation/style.min84fc.css]
[freshmart-plc.co.uk/wp-includes/blocks/image/style.min84fc.css]
[freshmart-plc.co.uk/feed/index.html]
[freshmart-plc.co.uk/wp-includes/js/dist/interactivity.min84fc.js]
[freshmart-plc.co.uk/wp-includes/blocks/navigation/view.minff1e.js]
[freshmart-plc.co.uk/comments/feed/index.html]
[freshmart-plc.co.uk/wp-content/plugins/google-analytics-for-wordpress/assets/js/frontend-gtag.minf809.js]
[freshmart-plc.co.uk/xmlrpc0db0.php]
[freshmart-plc.co.uk/wp-json/index.html]
[freshmart-plc.co.uk/wp-content/uploads/2023/12/Freshmart_Logo-150x150.png]
[freshmart-plc.co.uk/wp-content/uploads/2023/12/Freshmart_Logo-300x300.png]
[freshmart-plc.co.uk/wp-content/uploads/2023/12/Freshmart_Logo.png]
[freshmart-plc.co.uk/wp-content/uploads/2023/12/Freshmart_Logo-1.png]
[freshmart-plc.co.uk/wp-content/themes/twentytwentyfour/assets/images/tourist-and-building.webp]
[freshmart-plc.co.uk/about-freshmart-plc/index.html]
[freshmart-plc.co.uk/wp-content/themes/twentytwentyfour/assets/images/windows.webp]
[freshmart-plc.co.uk/meet-our-team/index.html]
[freshmart-plc.co.uk/hello-world/-/admin/index.html]
[freshmart-plc.co.uk/executive-director/index.html]
[freshmart-plc.co.uk/index.html]
[freshmart-plc.co.uk/wp-includes/blocks/navigation/style.min84fc.css]
[freshmart-plc.co.uk/wp-includes/blocks/image/style.min84fc.css]
[freshmart-plc.co.uk/wp-content/themes/twentytwentyfour/assets/fonts/inter/Inter-VariableFont_slnt,wght.html]
[freshmart-plc.co.uk/wp-content/themes/twentytwentyfour/assets/fonts/cardo/cardo_normal_400.html]
[freshmart-plc.co.uk/wp-content/themes/twentytwentyfour/assets/fonts/cardo/cardo_italic_400.html]
[freshmart-plc.co.uk/wp-content/themes/twentytwentyfour/assets/fonts/cardo/cardo_normal_700.html]
[freshmart-plc.co.uk/wp-json/oembed/1.0/embedab37]
[freshmart-plc.co.uk/about-freshmart-plc/index.html]
[freshmart-plc.co.uk/wp-json/wp/v2/pages/78.json]
[freshmart-plc.co.uk/wp-json/oembed/1.0/embed88dc.json]
[freshmart-plc.co.uk/wp-json/oembed/1.0/embedfa5e]
[freshmart-plc.co.uk/executive-director/index.html]
[freshmart-plc.co.uk/wp-includes/blocks/gallery/style.min84fc.css]
[freshmart-plc.co.uk/wp-json/wp/v2/pages/49.json]
[freshmart-plc.co.uk/wp-json/oembed/1.0/embedd4a7.json]
[freshmart-plc.co.uk/wp-json/oembed/1.0/embed3733]
[freshmart-plc.co.uk/wp-content/uploads/2023/12/B87433B8-5930-4E8A-A809-3FE4CFEA23F9-1.png]
[freshmart-plc.co.uk/wp-content/uploads/2023/12/D69C7039-A3F5-4A17-A6FD-6958D8815C50-1.png]
[freshmart-plc.co.uk/wp-content/uploads/2023/12/DCE8FC70-C70A-4E09-A21A-09C81C0AC799.png]
[freshmart-plc.co.uk/wp-content/uploads/2023/12/66FDFA6D-4433-46CD-A57C-8FD26A3D297E.png]
[freshmart-plc.co.uk/wp-content/uploads/2023/12/B31A3694-FBDB-433C-9B54-37CDECF3CEEE.png]
[freshmart-plc.co.uk/meet-our-team/index.html]
[freshmart-plc.co.uk/wp-includes/css/dist/block-library/common.min84fc.css]
[freshmart-plc.co.uk/hello-world/-/admin/feed/index.html]
[freshmart-plc.co.uk/wp-json/wp/v2/posts/1.json]
[freshmart-plc.co.uk/wp-json/oembed/1.0/embedbcc6.json]
[freshmart-plc.co.uk/wp-json/oembed/1.0/embed435a]
[freshmart-plc.co.uk/wp-includes/js/comment-reply.min84fc.js]
[freshmart-plc.co.uk/hello-world/-/admin/index.html]
[freshmart-plc.co.uk/hello-world/-/admin/index6809.html]
[freshmart-plc.co.uk/index49a5.html]
[freshmart-plc.co.uk/category/uncategorized/index.html]
[freshmart-plc.co.uk/author/admin/index.html]
[freshmart-plc.co.uk/index7896.html]
[freshmart-plc.co.uk/wp-includes/blocks/gallery/style.min84fc.css]
[freshmart-plc.co.uk/index0012.html]
[freshmart-plc.co.uk/wp-includes/css/dist/block-library/common.min84fc.css]
[freshmart-plc.co.uk/indexcff1.html]
[freshmart-plc.co.uk/hello-world/-/admin/index6809.html]
[freshmart-plc.co.uk/wp-json/oembed/1.0/embed8061]
[freshmart-plc.co.uk/wp-json/wp/v2/pages/74]
[freshmart-plc.co.uk/wp-json/wp/v2/users/1.json]
[freshmart-plc.co.uk/author/admin/index.html]
[freshmart-plc.co.uk/author/admin/feed/index.html]
[freshmart-plc.co.uk/category/uncategorized/feed/index.html]
[freshmart-plc.co.uk/wp-json/wp/v2/categories/1.json]
[freshmart-plc.co.uk/category/uncategorized/index.html]
[code.tidio.co_443/hu78z4ux96t9bmnxf1rn4tq8glnnoq2q.js]
